[INFO] Scanning for projects...
[INFO] 
[INFO] ------------------< com.example:buildnest-ecommerce >-------------------
[INFO] Building buildnest-ecommerce 0.0.1-SNAPSHOT
[INFO]   from pom.xml
[INFO] --------------------------------[ jar ]---------------------------------
[INFO] 
[INFO] --- clean:3.3.2:clean (default-clean) @ buildnest-ecommerce ---
[INFO] Deleting D:\CDAC Project\civil-ecommerce\civil-ecommerce\target
[INFO] ------------------------------------------------------------------------
[INFO] BUILD FAILURE
[INFO] ------------------------------------------------------------------------
[INFO] Total time:  3.561 s
[INFO] Finished at: 2026-02-01T10:34:51+05:30
[INFO] ------------------------------------------------------------------------
[ERROR] Failed to execute goal org.apache.maven.plugins:maven-clean-plugin:3.3.2:clean (default-clean) on project buildnest-ecommerce: Failed to clean project: Failed to delete D:\CDAC Project\civil-ecommerce\civil-ecommerce\target\site\jacoco -> [Help 1]
[ERROR] 
[ERROR] To see the full stack trace of the errors, re-run Maven with the -e switch.
[ERROR] Re-run Maven using the -X switch to enable full debug logging.
[ERROR] 
[ERROR] For more information about the errors and possible solutions, please read the following articles:
[ERROR] [Help 1] http://cwiki.apache.org/confluence/display/MAVEN/MojoExecutionException
